[digitonaut.com/art/abstract_corridor/index.html]
[digitonaut.com/art/abstract_balloon_flight/index.html]
[backblue.gif]
[fade.gif]
[index.html]
[digitonaut.com/art/abstract_log_lattice/index.html]
[digitonaut.com/art/acid_color_blocks/index.html]
[digitonaut.com/art/abstract_terrain_objects_scifi/index.html]
[digitonaut.com/art/acid_smoke/index.html]
[digitonaut.com/art/active_cells/index.html]
[digitonaut.com/art/alien_beacon/index.html]
[digitonaut.com/art/abstract_balloon_flight/shader-web-background.min.js]
[digitonaut.com/art/alien_cave/index.html]
[digitonaut.com/art/alien_cocoons/index.html]
[digitonaut.com/art/alien_paintings/index.html]
[digitonaut.com/art/alien_room/index.html]
[digitonaut.com/art/abstract_balloon_flight/ichannel0.jpg]
[digitonaut.com/art/alien_swirl/index.html]
[digitonaut.com/art/abstract_balloon_flight/index.html]
[digitonaut.com/art/alien_voxel_landscape/index.html]
[digitonaut.com/art/alien_world/index.html]
[digitonaut.com/art/almost_explosion/index.html]
[digitonaut.com/art/alphabet_roulette/index.html]
[digitonaut.com/art/alps_in_winter/index.html]
[digitonaut.com/art/alternation/index.html]
[digitonaut.com/art/abstract_corridor/shader-web-background.min.js]
[digitonaut.com/art/ambitious_triangles/index.html]
[digitonaut.com/art/ancient_fractal_temple/index.html]
[digitonaut.com/art/andromeda_jewel/index.html]
[digitonaut.com/art/anglesine/index.html]
[digitonaut.com/art/angry_fish/index.html]
[digitonaut.com/art/animated_colored_truchet/index.html]
[digitonaut.com/art/animated_cubism/index.html]
[digitonaut.com/art/animated_nanotubes/index.html]
[digitonaut.com/art/abstract_corridor/ichannel0.jpg]
[digitonaut.com/art/animated_pyramid_pattern/index.html]
[digitonaut.com/art/animated_subdivision/index.html]
[digitonaut.com/art/anyone_home/index.html]
[digitonaut.com/art/apollonian_dreams/index.html]
[digitonaut.com/art/arc-hit-vecture/index.html]
[digitonaut.com/art/apollonian_III/index.html]
[digitonaut.com/art/abstract_corridor/ichannel1.jpg]
[digitonaut.com/art/abstract_corridor/index.html]
[digitonaut.com/art/are_gee_be/index.html]
[digitonaut.com/art/artistic_birds/index.html]
[digitonaut.com/art/artistic_snakes/index.html]
[digitonaut.com/art/artistic_life/index.html]
[digitonaut.com/art/ascii_galaxy/index.html]
[digitonaut.com/art/ashfall/index.html]
[digitonaut.com/art/atari-mega-scroll/index.html]
[digitonaut.com/art/abstract_log_lattice/shader-web-background.min.js]
[digitonaut.com/art/abstract_log_lattice/index.html]
[digitonaut.com/art/attraction/index.html]
[digitonaut.com/art/attraction_repulsion/index.html]
[digitonaut.com/art/aurora_borealis/index.html]
[digitonaut.com/art/auto-architecture/index.html]
[digitonaut.com/art/abstract_terrain_objects_scifi/index.html]
[digitonaut.com/art/abstract_terrain_objects_scifi/shader-web-background.min.js]
[digitonaut.com/art/acid_color_blocks/index.html]
[digitonaut.com/art/acid_color_blocks/main.js]
[digitonaut.com/art/acid_smoke/main.js]
[digitonaut.com/art/acid_smoke/index.html]
[digitonaut.com/art/active_cells/index.html]
[digitonaut.com/art/alien_beacon/shader-web-background.min.js]
[digitonaut.com/art/alien_beacon/index.html]
[digitonaut.com/art/alien_cave/shader-web-background.min.js]
[digitonaut.com/art/alien_cave/index.html]
[digitonaut.com/art/acid_color_blocks/three.min.js]
[digitonaut.com/art/acid_smoke/three.min.js]
[digitonaut.com/art/alien_cocoons/index.html]
[digitonaut.com/art/alien_cocoons/main.js]
[digitonaut.com/art/active_cells/processing.min.js]
[digitonaut.com/art/alien_paintings/index.html]
[digitonaut.com/art/alien_room/index.html]
[digitonaut.com/art/alien_room/main.js]
[digitonaut.com/art/alien_paintings/processing.min.js]
[digitonaut.com/art/alien_cocoons/three.min.js]
[digitonaut.com/art/alien_swirl/index.html]
[digitonaut.com/art/alien_swirl/main.js]
[digitonaut.com/art/alien_voxel_landscape/index.html]
[digitonaut.com/art/alien_voxel_landscape/main.js]
[digitonaut.com/art/alien_room/three.min.js]
[digitonaut.com/art/alien_world/main.js]
[digitonaut.com/art/alien_world/index.html]
[digitonaut.com/art/almost_explosion/shader-web-background.min.js]
[digitonaut.com/art/almost_explosion/index.html]
[digitonaut.com/art/alphabet_roulette/normalize.min.css]
[digitonaut.com/art/alien_swirl/three.min.js]
[digitonaut.com/art/alien_voxel_landscape/three.min.js]
[digitonaut.com/art/alphabet_roulette/TweenMax.min.js]
[digitonaut.com/art/alphabet_roulette/OrbitControls.js]
[digitonaut.com/art/alphabet_roulette/script.js]
[digitonaut.com/art/alphabet_roulette/index.html]
[digitonaut.com/art/alien_world/three.min.js]
[digitonaut.com/art/alps_in_winter/shader-web-background.min.js]
[digitonaut.com/art/alps_in_winter/ichannel0.png]
[digitonaut.com/art/alps_in_winter/index.html]
[digitonaut.com/art/alphabet_roulette/three.min.js]
[digitonaut.com/art/alternation/index.html]
[digitonaut.com/art/alternation/main.js]
[digitonaut.com/art/ambitious_triangles/index.html]
[digitonaut.com/art/ancient_fractal_temple/shader-web-background.min.js]
[digitonaut.com/art/ancient_fractal_temple/index.html]
[digitonaut.com/art/andromeda_jewel/shader-web-background.min.js]
[digitonaut.com/art/andromeda_jewel/index.html]
[digitonaut.com/art/anglesine/shader-web-background.min.js]
[digitonaut.com/art/anglesine/index.html]
[digitonaut.com/art/angry_fish/openProcessing.js]
[digitonaut.com/art/ambitious_triangles/processing.min.js]
[digitonaut.com/art/angry_fish/script.js]
[digitonaut.com/art/angry_fish/index.html]
[digitonaut.com/art/animated_colored_truchet/shader-web-background.min.js]
[digitonaut.com/art/alternation/three.min.js]
[digitonaut.com/art/animated_colored_truchet/index.html]
[digitonaut.com/art/animated_cubism/openProcessing.js]
[digitonaut.com/art/animated_cubism/index.html]
[digitonaut.com/art/animated_cubism/script.js]
[digitonaut.com/art/animated_nanotubes/index.html]
[digitonaut.com/art/animated_nanotubes/shader-web-background.min.js]
[digitonaut.com/art/animated_pyramid_pattern/index.html]
[digitonaut.com/art/animated_pyramid_pattern/shader-web-background.min.js]
[digitonaut.com/art/animated_subdivision/index.html]
[digitonaut.com/art/animated_subdivision/main.js]
[digitonaut.com/art/animated_subdivision/three.min.js]
[digitonaut.com/art/anyone_home/main.js]
[digitonaut.com/art/anyone_home/index.html]
[digitonaut.com/art/anyone_home/three.min.js]
[digitonaut.com/art/apollonian_dreams/main.js]
[digitonaut.com/art/apollonian_dreams/index.html]
[digitonaut.com/art/apollonian_III/shader-web-background.min.js]
[digitonaut.com/art/apollonian_III/ichannel0.jpg]
[digitonaut.com/art/apollonian_III/index.html]
[digitonaut.com/art/arc-hit-vecture/openProcessing.js]
[digitonaut.com/art/apollonian_dreams/three.min.js]
[digitonaut.com/art/arc-hit-vecture/index.html]
[digitonaut.com/art/arc-hit-vecture/script.js]
[digitonaut.com/art/are_gee_be/shader-web-background.min.js]
[digitonaut.com/art/are_gee_be/index.html]
[digitonaut.com/art/artistic_birds/openProcessing.js]
[digitonaut.com/art/angry_fish/p5.js]
[digitonaut.com/art/artistic_birds/script.js]
[digitonaut.com/art/artistic_birds/index.html]
[digitonaut.com/art/artistic_life/shader-web-background.min.js]
[digitonaut.com/art/artistic_life/index.html]
[digitonaut.com/art/artistic_snakes/openProcessing.js]
[digitonaut.com/art/animated_cubism/p5.js]
[digitonaut.com/art/artistic_snakes/script.js]
[digitonaut.com/art/artistic_snakes/index.html]
[digitonaut.com/art/ascii_galaxy/index.html]
[digitonaut.com/art/ascii_galaxy/script.js]
[digitonaut.com/art/ashfall/three.min.js]
[digitonaut.com/art/ashfall/ccapture.js]
[digitonaut.com/art/ashfall/script.js]
[digitonaut.com/art/ashfall/index.html]
[digitonaut.com/art/atari-mega-scroll/shader-web-background.min.js]
[digitonaut.com/art/atari-mega-scroll/index.html]
[digitonaut.com/art/arc-hit-vecture/p5.js]
[digitonaut.com/art/attraction/script.js]
[digitonaut.com/art/attraction/index.html]
[digitonaut.com/art/artistic_birds/p5.js]
[digitonaut.com/art/attraction_repulsion/main.js]
[digitonaut.com/art/attraction_repulsion/index.html]
[digitonaut.com/art/aurora_borealis/shader-web-background.min.js]
[digitonaut.com/art/attraction/three.min.js]
[digitonaut.com/art/aurora_borealis/ichannel0.png]
[digitonaut.com/art/aurora_borealis/index.html]
[digitonaut.com/art/auto-architecture/openProcessing.js]
[digitonaut.com/art/attraction_repulsion/three.min.js]
[digitonaut.com/art/auto-architecture/script.js]
[digitonaut.com/art/auto-architecture/index.html]
[digitonaut.com/art/acid_color_blocks/main.css]
[digitonaut.com/art/acid_smoke/main.css]
[digitonaut.com/art/alien_cocoons/main.css]
[digitonaut.com/art/alien_room/main.css]
[digitonaut.com/art/alien_swirl/main.css]
[digitonaut.com/art/alien_voxel_landscape/main.css]
[digitonaut.com/art/alien_world/main.css]
[digitonaut.com/art/alphabet_roulette/normalize.min.css]
[digitonaut.com/art/alternation/main.css]
[digitonaut.com/art/animated_subdivision/main.css]
[digitonaut.com/art/anyone_home/main.css]
[digitonaut.com/art/apollonian_dreams/main.css]
[digitonaut.com/art/artistic_snakes/p5.js]
[digitonaut.com/art/ascii_galaxy/reset.min.css]
[digitonaut.com/art/ascii_galaxy/style.css]
[digitonaut.com/art/ashfall/style.css]
[digitonaut.com/art/attraction/style.css]
[digitonaut.com/art/attraction_repulsion/main.css]
[digitonaut.com/art/auto-architecture/p5.js]
